// Jest Snapshot v1, https://goo.gl/fbAQLP

exports[`CvDocument render Рендер без данных 1`] = `
<div
  className="cv-container"
>
  <div
    className="cv"
    onClick={[Function]}
    style={Object {}}
  />
</div>
`;

exports[`CvDocument render Рендер с активным блоком 1`] = `
<div
  className="cv-container"
>
  <div
    className="cv"
    onClick={[Function]}
    style={Object {}}
  >
    <div
      className="cv__block entered"
      onClick={[Function]}
      style={
        Object {
          "height": "66px",
          "left": "290.08598862935975px",
          "top": "52.08598862935976px",
          "width": "149px",
        }
      }
    >
      <span
        className="cv__element cv__element--text"
        contentEditable={true}
        data-elem={true}
        onBlur={[Function]}
        onClick={[Function]}
        style={
          Object {
            "color": "#1bac38",
            "fontFamily": "Roboto",
            "fontSize": "40px",
            "fontStyle": "normal",
            "fontWeight": "bold",
            "padding": "0px 0px 0px 1px",
            "textAlign": "start",
            "textDecoration": "none",
            "textTransform": "none",
          }
        }
        suppressContentEditableWarning={true}
      >
        Big text
      </span>
    </div>
    <div
      className="cv__block entered"
      onClick={[Function]}
      style={
        Object {
          "height": "142px",
          "left": "60.43650934333691px",
          "top": "44.43650934333691px",
          "width": "182px",
        }
      }
    >
      <img
        alt=""
        className="cv__element cv__element--image"
        data-elem={true}
        onClick={[Function]}
        style={
          Object {
            "file": "",
            "opacity": 1,
          }
        }
      />
    </div>
    <div
      className="cv__block cv__block--active cv__block--active-first entered"
      onClick={[Function]}
      style={
        Object {
          "height": "62px",
          "left": "303.173880178947px",
          "top": "142.173880178947px",
          "width": "119px",
        }
      }
    >
      <div
        className="cv__element cv__element--group"
        style={Object {}}
      >
        <span
          className="cv__element cv__element--text cv__element--active"
          contentEditable={true}
          data-elem={true}
          onBlur={[Function]}
          onClick={[Function]}
          style={
            Object {
              "color": "#000000",
              "fontFamily": "Roboto",
              "fontSize": "20px",
              "fontStyle": "normal",
              "fontWeight": "bold",
              "padding": "0px 0px 0px 1px",
              "textAlign": "start",
              "textDecoration": "none",
              "textTransform": "none",
            }
          }
          suppressContentEditableWarning={true}
        >
          Your header
        </span>
        <span
          className="cv__element cv__element--text"
          contentEditable={true}
          data-elem={true}
          onBlur={[Function]}
          onClick={[Function]}
          style={
            Object {
              "color": "#000000",
              "fontFamily": "Roboto",
              "fontSize": "16px",
              "fontStyle": "normal",
              "fontWeight": "normal",
              "padding": "0px 0px 0px 1px",
              "textAlign": "start",
              "textDecoration": "none",
              "textTransform": "none",
            }
          }
          suppressContentEditableWarning={true}
        >
          your text
        </span>
      </div>
    </div>
    <div
      className="cv__block entered"
      onClick={[Function]}
      style={
        Object {
          "height": "50px",
          "left": "72.88890908532193px",
          "top": "248.88890908532193px",
          "width": "179px",
        }
      }
    >
      <div
        className="cv__element cv__element--dots-row"
        data-elem={true}
        onClick={[Function]}
        style={
          Object {
            "addcolor": "#E6E6E6",
            "addcount": 3,
            "maincolor": "#E05B49",
            "maincount": 5,
            "radius": 10,
          }
        }
      >
        <div
          style={
            Object {
              "backgroundColor": "#E05B49",
              "borderRadius": "50%",
              "height": "10px",
              "margin": "0 5px",
              "width": "10px",
            }
          }
        />
        <div
          style={
            Object {
              "backgroundColor": "#E05B49",
              "borderRadius": "50%",
              "height": "10px",
              "margin": "0 5px",
              "width": "10px",
            }
          }
        />
        <div
          style={
            Object {
              "backgroundColor": "#E05B49",
              "borderRadius": "50%",
              "height": "10px",
              "margin": "0 5px",
              "width": "10px",
            }
          }
        />
        <div
          style={
            Object {
              "backgroundColor": "#E05B49",
              "borderRadius": "50%",
              "height": "10px",
              "margin": "0 5px",
              "width": "10px",
            }
          }
        />
        <div
          style={
            Object {
              "backgroundColor": "#E05B49",
              "borderRadius": "50%",
              "height": "10px",
              "margin": "0 5px",
              "width": "10px",
            }
          }
        />
        <div
          style={
            Object {
              "backgroundColor": "#E6E6E6",
              "borderRadius": "50%",
              "height": "10px",
              "margin": "0 5px",
              "width": "10px",
            }
          }
        />
        <div
          style={
            Object {
              "backgroundColor": "#E6E6E6",
              "borderRadius": "50%",
              "height": "10px",
              "margin": "0 5px",
              "width": "10px",
            }
          }
        />
        <div
          style={
            Object {
              "backgroundColor": "#E6E6E6",
              "borderRadius": "50%",
              "height": "10px",
              "margin": "0 5px",
              "width": "10px",
            }
          }
        />
      </div>
    </div>
    <div
      className="cv__block entered"
      onClick={[Function]}
      style={
        Object {
          "height": "161px",
          "left": "322.66776857728195px",
          "top": "238.66776857728195px",
          "width": "171px",
        }
      }
    >
      <div
        className="cv__element cv__element--figure"
        data-elem={true}
        onClick={[Function]}
        style={
          Object {
            "backgroundColor": "#6AABB5",
            "borderRadius": "50%",
            "opacity": 1,
          }
        }
      />
    </div>
    <div
      className="cv__block entered"
      onClick={[Function]}
      style={
        Object {
          "height": "111px",
          "left": "487.9319841589094px",
          "top": "92.93198415890942px",
          "width": "252px",
        }
      }
    >
      <div
        className="cv__element cv__element--group"
        style={Object {}}
      >
        <span
          className="cv__element cv__element--text"
          contentEditable={true}
          data-elem={true}
          onBlur={[Function]}
          onClick={[Function]}
          style={
            Object {
              "color": "#000000",
              "fontFamily": "Roboto",
              "fontSize": "18px",
              "fontStyle": "normal",
              "fontWeight": "bold",
              "padding": "0px 0px 0px 1px",
              "textAlign": "start",
              "textDecoration": "none",
              "textTransform": "none",
            }
          }
          suppressContentEditableWarning={true}
        >
          Your position
        </span>
        <span
          className="cv__element cv__element--text"
          contentEditable={true}
          data-elem={true}
          onBlur={[Function]}
          onClick={[Function]}
          style={
            Object {
              "color": "#000000",
              "fontFamily": "Roboto",
              "fontSize": "18px",
              "fontStyle": "normal",
              "fontWeight": "normal",
              "padding": "0px 0px 0px 1px",
              "textAlign": "start",
              "textDecoration": "none",
              "textTransform": "none",
            }
          }
          suppressContentEditableWarning={true}
        >
          Company
        </span>
        <span
          className="cv__element cv__element--text"
          contentEditable={true}
          data-elem={true}
          onBlur={[Function]}
          onClick={[Function]}
          style={
            Object {
              "color": "#000000",
              "fontFamily": "Roboto",
              "fontSize": "16px",
              "fontStyle": "italic",
              "fontWeight": "normal",
              "padding": "0px 0px 0px 1px",
              "textAlign": "start",
              "textDecoration": "none",
              "textTransform": "none",
            }
          }
          suppressContentEditableWarning={true}
        >
          period
        </span>
        <span
          className="cv__element cv__element--text"
          contentEditable={true}
          data-elem={true}
          onBlur={[Function]}
          onClick={[Function]}
          style={
            Object {
              "color": "#000000",
              "fontFamily": "Roboto",
              "fontSize": "16px",
              "fontStyle": "normal",
              "fontWeight": "normal",
              "padding": "0px 0px 0px 1px",
              "textAlign": "start",
              "textDecoration": "none",
              "textTransform": "none",
            }
          }
          suppressContentEditableWarning={true}
        >
          your competencies and results
        </span>
      </div>
    </div>
  </div>
</div>
`;

exports[`CvDocument render Рендер с данными 1`] = `
<div
  className="cv-container"
>
  <div
    className="cv"
    onClick={[Function]}
    style={Object {}}
  >
    <div
      className="cv__block entered"
      onClick={[Function]}
      style={
        Object {
          "height": "66px",
          "left": "290.08598862935975px",
          "top": "52.08598862935976px",
          "width": "149px",
        }
      }
    >
      <span
        className="cv__element cv__element--text"
        contentEditable={true}
        data-elem={true}
        onBlur={[Function]}
        onClick={[Function]}
        style={
          Object {
            "color": "#1bac38",
            "fontFamily": "Roboto",
            "fontSize": "40px",
            "fontStyle": "normal",
            "fontWeight": "bold",
            "padding": "0px 0px 0px 1px",
            "textAlign": "start",
            "textDecoration": "none",
            "textTransform": "none",
          }
        }
        suppressContentEditableWarning={true}
      >
        Big text
      </span>
    </div>
    <div
      className="cv__block entered"
      onClick={[Function]}
      style={
        Object {
          "height": "142px",
          "left": "60.43650934333691px",
          "top": "44.43650934333691px",
          "width": "182px",
        }
      }
    >
      <img
        alt=""
        className="cv__element cv__element--image"
        data-elem={true}
        onClick={[Function]}
        style={
          Object {
            "file": "",
            "opacity": 1,
          }
        }
      />
    </div>
    <div
      className="cv__block cv__block--active cv__block--active-first entered"
      onClick={[Function]}
      style={
        Object {
          "height": "62px",
          "left": "303.173880178947px",
          "top": "142.173880178947px",
          "width": "119px",
        }
      }
    >
      <div
        className="cv__element cv__element--group"
        style={Object {}}
      >
        <span
          className="cv__element cv__element--text cv__element--active"
          contentEditable={true}
          data-elem={true}
          onBlur={[Function]}
          onClick={[Function]}
          style={
            Object {
              "color": "#000000",
              "fontFamily": "Roboto",
              "fontSize": "20px",
              "fontStyle": "normal",
              "fontWeight": "bold",
              "padding": "0px 0px 0px 1px",
              "textAlign": "start",
              "textDecoration": "none",
              "textTransform": "none",
            }
          }
          suppressContentEditableWarning={true}
        >
          Your header
        </span>
        <span
          className="cv__element cv__element--text"
          contentEditable={true}
          data-elem={true}
          onBlur={[Function]}
          onClick={[Function]}
          style={
            Object {
              "color": "#000000",
              "fontFamily": "Roboto",
              "fontSize": "16px",
              "fontStyle": "normal",
              "fontWeight": "normal",
              "padding": "0px 0px 0px 1px",
              "textAlign": "start",
              "textDecoration": "none",
              "textTransform": "none",
            }
          }
          suppressContentEditableWarning={true}
        >
          your text
        </span>
      </div>
    </div>
    <div
      className="cv__block entered"
      onClick={[Function]}
      style={
        Object {
          "height": "50px",
          "left": "72.88890908532193px",
          "top": "248.88890908532193px",
          "width": "179px",
        }
      }
    >
      <div
        className="cv__element cv__element--dots-row"
        data-elem={true}
        onClick={[Function]}
        style={
          Object {
            "addcolor": "#E6E6E6",
            "addcount": 3,
            "maincolor": "#E05B49",
            "maincount": 5,
            "radius": 10,
          }
        }
      >
        <div
          style={
            Object {
              "backgroundColor": "#E05B49",
              "borderRadius": "50%",
              "height": "10px",
              "margin": "0 5px",
              "width": "10px",
            }
          }
        />
        <div
          style={
            Object {
              "backgroundColor": "#E05B49",
              "borderRadius": "50%",
              "height": "10px",
              "margin": "0 5px",
              "width": "10px",
            }
          }
        />
        <div
          style={
            Object {
              "backgroundColor": "#E05B49",
              "borderRadius": "50%",
              "height": "10px",
              "margin": "0 5px",
              "width": "10px",
            }
          }
        />
        <div
          style={
            Object {
              "backgroundColor": "#E05B49",
              "borderRadius": "50%",
              "height": "10px",
              "margin": "0 5px",
              "width": "10px",
            }
          }
        />
        <div
          style={
            Object {
              "backgroundColor": "#E05B49",
              "borderRadius": "50%",
              "height": "10px",
              "margin": "0 5px",
              "width": "10px",
            }
          }
        />
        <div
          style={
            Object {
              "backgroundColor": "#E6E6E6",
              "borderRadius": "50%",
              "height": "10px",
              "margin": "0 5px",
              "width": "10px",
            }
          }
        />
        <div
          style={
            Object {
              "backgroundColor": "#E6E6E6",
              "borderRadius": "50%",
              "height": "10px",
              "margin": "0 5px",
              "width": "10px",
            }
          }
        />
        <div
          style={
            Object {
              "backgroundColor": "#E6E6E6",
              "borderRadius": "50%",
              "height": "10px",
              "margin": "0 5px",
              "width": "10px",
            }
          }
        />
      </div>
    </div>
    <div
      className="cv__block entered"
      onClick={[Function]}
      style={
        Object {
          "height": "161px",
          "left": "322.66776857728195px",
          "top": "238.66776857728195px",
          "width": "171px",
        }
      }
    >
      <div
        className="cv__element cv__element--figure"
        data-elem={true}
        onClick={[Function]}
        style={
          Object {
            "backgroundColor": "#6AABB5",
            "borderRadius": "50%",
            "opacity": 1,
          }
        }
      />
    </div>
    <div
      className="cv__block entered"
      onClick={[Function]}
      style={
        Object {
          "height": "111px",
          "left": "487.9319841589094px",
          "top": "92.93198415890942px",
          "width": "252px",
        }
      }
    >
      <div
        className="cv__element cv__element--group"
        style={Object {}}
      >
        <span
          className="cv__element cv__element--text"
          contentEditable={true}
          data-elem={true}
          onBlur={[Function]}
          onClick={[Function]}
          style={
            Object {
              "color": "#000000",
              "fontFamily": "Roboto",
              "fontSize": "18px",
              "fontStyle": "normal",
              "fontWeight": "bold",
              "padding": "0px 0px 0px 1px",
              "textAlign": "start",
              "textDecoration": "none",
              "textTransform": "none",
            }
          }
          suppressContentEditableWarning={true}
        >
          Your position
        </span>
        <span
          className="cv__element cv__element--text"
          contentEditable={true}
          data-elem={true}
          onBlur={[Function]}
          onClick={[Function]}
          style={
            Object {
              "color": "#000000",
              "fontFamily": "Roboto",
              "fontSize": "18px",
              "fontStyle": "normal",
              "fontWeight": "normal",
              "padding": "0px 0px 0px 1px",
              "textAlign": "start",
              "textDecoration": "none",
              "textTransform": "none",
            }
          }
          suppressContentEditableWarning={true}
        >
          Company
        </span>
        <span
          className="cv__element cv__element--text"
          contentEditable={true}
          data-elem={true}
          onBlur={[Function]}
          onClick={[Function]}
          style={
            Object {
              "color": "#000000",
              "fontFamily": "Roboto",
              "fontSize": "16px",
              "fontStyle": "italic",
              "fontWeight": "normal",
              "padding": "0px 0px 0px 1px",
              "textAlign": "start",
              "textDecoration": "none",
              "textTransform": "none",
            }
          }
          suppressContentEditableWarning={true}
        >
          period
        </span>
        <span
          className="cv__element cv__element--text"
          contentEditable={true}
          data-elem={true}
          onBlur={[Function]}
          onClick={[Function]}
          style={
            Object {
              "color": "#000000",
              "fontFamily": "Roboto",
              "fontSize": "16px",
              "fontStyle": "normal",
              "fontWeight": "normal",
              "padding": "0px 0px 0px 1px",
              "textAlign": "start",
              "textDecoration": "none",
              "textTransform": "none",
            }
          }
          suppressContentEditableWarning={true}
        >
          your competencies and results
        </span>
      </div>
    </div>
  </div>
</div>
`;
