// Jest Snapshot v1, https://goo.gl/fbAQLP

exports[`CvLink render Рендер 1`] = `
<main
  className="main"
>
  <div
    className="cv-view cv-view-print"
  >
    <div
      className="cv cv--link"
      style={Object {}}
    />
  </div>
</main>
`;
